╔═════════════════════════════════════════════════════════════════════════════════════════════════════════════════════╗
║ BlapDraw 0.2:    ● allows quick editing of colored ansi text files in a 24-bit color terminal using only bash.      ║
║                  ● linux/bsd-oriented; can load/save ascii/utf-8 encoded text in 256 or 24-bit ANSI color.          ║
║                                                                                                                     ║
║ Movement:        ● vi (hjkl) or arrow keys to move drawing cursor (displayed as an animated blinking box)           ║
║                  ● shifted vi keys (HJKL) to jump-move several rows or columns at a time.                           ║
║                                                                                                                     ║
║ Drawing:         ● space key or 'd' key or left mouse click. <Backspace> or 'U' to undo one or more draws.          ║
║                                                                                                                     ║
║ Colorizing:      ● "a" key to write foreground color over the fg under the cursor                                   ║
║                  ● "s" key to write background color over the bg under the cursor                                   ║
║                  ● "z" and "x" keys to darken or lighten foreground color under cursor (constrained by palette)     ║
║                  ● "Z" and "X" keys to darken or lighten background color under cursor                              ║
║                  ● center mouse click to bring up modal window with colorizing options                              ║
║                                                                                                                     ║
║ Extracting:      ● you can 'pick up' the foreground/background color or glyph from the element under the cursor.    ║
║                  ● to extract an element hit right mouse button for a list of options, or hit 'e' then either:      ║
║                            ● 'f' to extract fg color and set it to current FG                                       ║
║                            ● 'b' to extract fg color and set it to current FG                                       ║
║                            ● 'g' to extract fg color and set it to current FG                                       ║
║                            ● 'a' to extract all elements - fg, bg colors and current glyph                          ║
║                                                                                                                     ║
║ Color selection: ● hit "f" key to select foreground color then hit an alpha key a-z and then a numeric key 1-0 key  ║
║                    to select a color from pallette grid.  The selected color will be displayed under the FG field.  ║
║                  ● hit 'b' key to select a background color, followed likewise by an alpha key and a numeric key.   ║
║                  ● hit capital "F" or "B"  to choose from a pop-up alphanumeric grid of recent colors.              ║
║                                                                                                                     ║
║ Glyph selection: ● hit 'c' key to select the current drawing glyph, followed by row number and column letter.       ║
║                  ● hit capital "C" to choose from a pop-up alphanumeric grid of recent glyphs.                      ║
║                                                                                                                     ║
║ Large Pictures:  ● large pictures may be panned by keyboard movement beyond borders or mouse clicks at edges        ║
║                                                                                                                     ║
║ Quick History:   ● "q" and "w" keys scroll through a modal window of recently used drawing characters + colors.     ║
║                                                                                                                     ║
║ ● menu commands at top respond to Capital key commands and present modal subwindows with selectable actions.        ║
║                                                                                                                     ║
║ ● upon file-open, BlapDraw creates a unique backup file with the current date and time appended to the filename.    ║
║                                                                                                                     ║
║   The keyboard is your friend - mouse input in bash sometimes doesn't work - don't blame me - thank you. -- blap    ║
╚═════════════════════════════════════════════════════════════════════════════════════════════════════════════════════╝
